// Jest Snapshot v1, https://goo.gl/fbAQLP

exports[`Pruebas en <TodoAdd/> debe de mostrarse correctamente 1`] = `
<Fragment>
  <h5>
    Agregar TODO
  </h5>
  <hr />
  <form
    onSubmit={[Function]}
  >
    <input
      autoComplete="off"
      className="form-control"
      name="description"
      onChange={[Function]}
      placeholder="Aprender ..."
      type="text"
      value=""
    />
    <div
      className="d-grid gap-2"
    >
      <button
        className="btn btn-outline-primary mt-1 "
        type="submit"
      >
        Agregar
      </button>
    </div>
  </form>
</Fragment>
`;
