// Jest Snapshot v1, https://goo.gl/fbAQLP

exports[`Pruebas en <AppRouter/> deber√≠a crearce correctamente 1`] = `
<div>
  <nav
    className="navbar navbar-expand-sm navbar-dark bg-dark"
  >
    <div
      className="container-fluid"
    >
      <a
        className="navbar-brand"
        href="/"
        onClick={[Function]}
      >
        Context App
      </a>
      <button
        aria-controls="navbarNavAltMarkup"
        aria-expanded="false"
        aria-label="Toggle navigation"
        className="navbar-toggler"
        data-bs-target="#navbarNavAltMarkup"
        data-bs-toggle="collapse"
        type="button"
      >
        <span
          className="navbar-toggler-icon"
        />
      </button>
      <div
        className="collapse navbar-collapse"
        id="navbarNavAltMarkup"
      >
        <div
          className="navbar-nav"
        >
          <a
            aria-current="page"
            className="nav-link active active"
            href="/"
            onClick={[Function]}
            style={Object {}}
          >
            Inicio
          </a>
          <a
            aria-current={null}
            className="nav-link"
            href="/login"
            onClick={[Function]}
          >
            Login
          </a>
          <a
            aria-current={null}
            className="nav-link"
            href="/about"
            onClick={[Function]}
          >
            About
          </a>
        </div>
      </div>
    </div>
  </nav>
  <div
    className="container mt-3"
  >
    <div>
      <h1>
        Home Screen
      </h1>
      <hr />
      <pre>
        {
   "name": "fabricio",
   "id": 1
}
      </pre>
    </div>
  </div>
</div>
`;
